// Jest Snapshot v1, https://goo.gl/fbAQLP

exports[`createRequest() should send auth arguments using queryParams when preventPreflight is true 1`] = `"http://example.com/some-api/links?token=ABC&client=1234"`;
